---
source: crates/jp_config/src/config.rs
expression: "PartialConfig::empty()"
---
{}
