---
source: crates/jp_config/src/lib.rs
expression: "AppConfig::fields()"
---
[
    "config_load_paths",
    "extends",
    "inherit",
    "template.values",
    "style.typewriter.code_delay",
    "style.typewriter.text_delay",
    "style.tool_call.show",
    "style.reasoning.show",
    "style.code.color",
    "style.code.copy_link",
    "style.code.file_link",
    "style.code.line_numbers",
    "style.code.theme",
    "providers.mcp",
    "providers.llm.aliases",
    "providers.llm.openrouter.api_key_env",
    "providers.llm.openrouter.app_name",
    "providers.llm.openrouter.app_referrer",
    "providers.llm.openrouter.base_url",
    "providers.llm.openai.api_key_env",
    "providers.llm.openai.base_url",
    "providers.llm.openai.base_url_env",
    "providers.llm.ollama.base_url",
    "providers.llm.llamacpp.base_url",
    "providers.llm.google.api_key_env",
    "providers.llm.google.base_url",
    "providers.llm.deepseek.api_key_env",
    "providers.llm.anthropic.api_key_env",
    "providers.llm.anthropic.base_url",
    "providers.llm.anthropic.beta_headers",
    "editor.cmd",
    "editor.envs",
    "conversation.attachments",
    "conversation.tools.tools",
    "conversation.tools.*.result",
    "conversation.tools.*.run",
    "conversation.tools.*.style.inline_results",
    "conversation.tools.*.style.results_file_link",
    "conversation.title.generate.auto",
    "conversation.title.generate.model",
    "assistant.instructions",
    "assistant.name",
    "assistant.system_prompt",
    "assistant.tool_choice",
    "assistant.model.id",
    "assistant.model.parameters.max_tokens",
    "assistant.model.parameters.other",
    "assistant.model.parameters.reasoning",
    "assistant.model.parameters.stop_words",
    "assistant.model.parameters.temperature",
    "assistant.model.parameters.top_k",
    "assistant.model.parameters.top_p",
]
