---
source: crates/jp_test/src/mock.rs
expression: expr
---
Ok(
    [
        ModelDetails {
            id: ModelIdConfig {
                provider: Openai,
                name: Name(
                    "gpt-4-0613",
                ),
            },
            display_name: None,
            context_window: None,
            max_output_tokens: None,
            reasoning: None,
            knowledge_cutoff: None,
            deprecated: None,
            features: [],
        },
        ModelDetails {
            id: ModelIdConfig {
                provider: Openai,
                name: Name(
                    "gpt-4",
                ),
            },
            display_name: None,
            context_window: None,
            max_output_tokens: None,
            reasoning: None,
            knowledge_cutoff: None,
            deprecated: None,
            features: [],
        },
        ModelDetails {
            id: ModelIdConfig {
                provider: Openai,
                name: Name(
                    "gpt-3.5-turbo",
                ),
            },
            display_name: None,
            context_window: None,
            max_output_tokens: None,
            reasoning: None,
            knowledge_cutoff: None,
            deprecated: None,
            features: [],
        },
        ModelDetails {
            id: ModelIdConfig {
                provider: Openai,
                name: Name(
                    "sora-2-pro",
                ),
            },
            display_name: None,
            context_window: None,
            max_output_tokens: None,
            reasoning: None,
            knowledge_cutoff: None,
            deprecated: None,
            features: [],
        },
        ModelDetails {
            id: ModelIdConfig {
                provider: Openai,
                name: Name(
                    "gpt-audio-mini-2025-10-06",
                ),
            },
            display_name: None,
            context_window: None,
            max_output_tokens: None,
            reasoning: None,
            knowledge_cutoff: None,
            deprecated: None,
            features: [],
        },
        ModelDetails {
            id: ModelIdConfig {
                provider: Openai,
                name: Name(
                    "gpt-realtime-mini",
                ),
            },
            display_name: None,
            context_window: None,
            max_output_tokens: None,
            reasoning: None,
            knowledge_cutoff: None,
            deprecated: None,
            features: [],
        },
        ModelDetails {
            id: ModelIdConfig {
                provider: Openai,
                name: Name(
                    "gpt-realtime-mini-2025-10-06",
                ),
            },
            display_name: None,
            context_window: None,
            max_output_tokens: None,
            reasoning: None,
            knowledge_cutoff: None,
            deprecated: None,
            features: [],
        },
        ModelDetails {
            id: ModelIdConfig {
                provider: Openai,
                name: Name(
                    "sora-2",
                ),
            },
            display_name: None,
            context_window: None,
            max_output_tokens: None,
            reasoning: None,
            knowledge_cutoff: None,
            deprecated: None,
            features: [],
        },
        ModelDetails {
            id: ModelIdConfig {
                provider: Openai,
                name: Name(
                    "davinci-002",
                ),
            },
            display_name: None,
            context_window: None,
            max_output_tokens: None,
            reasoning: None,
            knowledge_cutoff: None,
            deprecated: None,
            features: [],
        },
        ModelDetails {
            id: ModelIdConfig {
                provider: Openai,
                name: Name(
                    "babbage-002",
                ),
            },
            display_name: None,
            context_window: None,
            max_output_tokens: None,
            reasoning: None,
            knowledge_cutoff: None,
            deprecated: None,
            features: [],
        },
    ],
)
