---
source: crates/jp_test/src/mock.rs
expression: expr
---
Ok(
    ModelDetails {
        id: ModelIdConfig {
            provider: Google,
            name: Name(
                "gemini-2.5-flash-preview-05-20",
            ),
        },
        display_name: Some(
            "Gemini 2.5 Flash Preview 05-20",
        ),
        context_window: Some(
            1048576,
        ),
        max_output_tokens: Some(
            65536,
        ),
        reasoning: Some(
            Supported {
                min_tokens: 0,
                max_tokens: Some(
                    24576,
                ),
            },
        ),
        knowledge_cutoff: None,
        deprecated: None,
        features: [],
    },
)
