---
source: crates/jp_test/src/mock.rs
expression: expr
---
"This is an AI assistant. I'm here to help with any questions or tasks you may have. What's on your mind?"
