---
source: crates/jp_test/src/mock.rs
expression: expr
---
Ok(
    [
        ModelDetails {
            id: ModelIdConfig {
                provider: Llamacpp,
                name: Name(
                    "bartowski_Qwen2.5-7B-Instruct-GGUF_Qwen2.5-7B-Instruct-Q4_K_M.gguf",
                ),
            },
            display_name: None,
            context_window: None,
            max_output_tokens: None,
            reasoning: None,
            knowledge_cutoff: None,
            deprecated: None,
            features: [],
        },
    ],
)
