---
source: crates/jp_test/src/mock.rs
expression: expr
---
"Received."
