---
source: crates/jp_test/src/mock.rs
expression: expr
---
Ok(
    Reply(
        [
            Reasoning(
                "",
            ),
            Content(
                "Test message received successfully. How can I assist you today?",
            ),
        ],
    ),
)
