---
source: crates/jp_test/src/mock.rs
expression: expr
---
Ok(
    ModelDetails {
        id: ModelIdConfig {
            provider: Openai,
            name: Name(
                "o4-mini",
            ),
        },
        display_name: Some(
            "o4-mini",
        ),
        context_window: Some(
            200000,
        ),
        max_output_tokens: Some(
            100000,
        ),
        reasoning: Some(
            Supported {
                min_tokens: 0,
                max_tokens: None,
            },
        ),
        knowledge_cutoff: Some(
            2024-06-01,
        ),
        deprecated: Some(
            Active,
        ),
        features: [],
    },
)
