---
source: crates/jp_test/src/mock.rs
expression: expr
---
Ok(
    [
        ModelDetails {
            provider: Ollama,
            slug: "qwen3:8b",
            context_window: None,
            max_output_tokens: None,
            reasoning: None,
            knowledge_cutoff: None,
        },
        ModelDetails {
            provider: Ollama,
            slug: "qwen3:32b",
            context_window: None,
            max_output_tokens: None,
            reasoning: None,
            knowledge_cutoff: None,
        },
    ],
)
