---
source: crates/jp_test/src/mock.rs
expression: expr
---
Ok(
    Reply {
        provider: Google,
        events: [
            Content(
                "Received.\n\nHow can I help you?",
            ),
            Finished(
                Completed,
            ),
        ],
    },
)
