---
source: crates/jp_test/src/mock.rs
expression: expr
---
Ok(
    [
        ModelDetails {
            provider: Openrouter,
            slug: "qwen/qwen3-vl-235b-a22b-thinking",
            context_window: Some(
                131072,
            ),
            max_output_tokens: None,
            reasoning: None,
            knowledge_cutoff: Some(
                2025-09-23,
            ),
        },
        ModelDetails {
            provider: Openrouter,
            slug: "qwen/qwen3-vl-235b-a22b-instruct",
            context_window: Some(
                131072,
            ),
            max_output_tokens: None,
            reasoning: None,
            knowledge_cutoff: Some(
                2025-09-23,
            ),
        },
    ],
)
