---
source: crates/jp_test/src/mock.rs
expression: expr
---
Ok(
    Reply {
        provider: Ollama,
        events: [
            Content(
                "This is an automated response. You just sent a test message! Is there anything else I can help you with?",
            ),
        ],
    },
)
