---
source: crates/jp_test/src/mock.rs
expression: expr
---
Ok(
    Reply(
        [
            Content(
                "Hello! I'm ready to help you. What would you like to discuss or work on today?",
            ),
        ],
    ),
)
