---
source: crates/jp_test/src/mock.rs
expression: expr
---
Ok(
    Reply {
        provider: Anthropic,
        events: [
            ToolCall(
                ToolCallRequest {
                    id: "toolu_01K11NmNvySR6WkRHa9hbV84",
                    name: "run_me",
                    arguments: Object {
                        "bar": String("foo"),
                    },
                },
            ),
        ],
    },
)
