---
source: crates/jp_test/src/mock.rs
expression: expr
---
[
    ChatCompletion {
        id: "gen-1758051221-ZP94f4eigc8b57o5fTbS",
        provider: "Anthropic",
        choices: [
            Streaming(
                StreamingChoice {
                    finish_reason: None,
                    native_finish_reason: None,
                    delta: StreamingDelta {
                        role: Some(
                            "assistant",
                        ),
                        content: Some(
                            "",
                        ),
                        reasoning: None,
                        tool_calls: [],
                    },
                    error: None,
                },
            ),
        ],
        created: 2025-09-16 19:33:42.0 +00:00:00,
        model: "anthropic/claude-3-haiku",
        object: ChatCompletionChunk,
        system_fingerprint: None,
        usage: None,
    },
    ChatCompletion {
        id: "gen-1758051221-ZP94f4eigc8b57o5fTbS",
        provider: "Anthropic",
        choices: [
            Streaming(
                StreamingChoice {
                    finish_reason: None,
                    native_finish_reason: None,
                    delta: StreamingDelta {
                        role: Some(
                            "assistant",
                        ),
                        content: Some(
                            "",
                        ),
                        reasoning: None,
                        tool_calls: [],
                    },
                    error: None,
                },
            ),
        ],
        created: 2025-09-16 19:33:42.0 +00:00:00,
        model: "anthropic/claude-3-haiku",
        object: ChatCompletionChunk,
        system_fingerprint: None,
        usage: None,
    },
    ChatCompletion {
        id: "gen-1758051221-ZP94f4eigc8b57o5fTbS",
        provider: "Anthropic",
        choices: [
            Streaming(
                StreamingChoice {
                    finish_reason: None,
                    native_finish_reason: None,
                    delta: StreamingDelta {
                        role: Some(
                            "assistant",
                        ),
                        content: Some(
                            "Here",
                        ),
                        reasoning: None,
                        tool_calls: [],
                    },
                    error: None,
                },
            ),
        ],
        created: 2025-09-16 19:33:42.0 +00:00:00,
        model: "anthropic/claude-3-haiku",
        object: ChatCompletionChunk,
        system_fingerprint: None,
        usage: None,
    },
    ChatCompletion {
        id: "gen-1758051221-ZP94f4eigc8b57o5fTbS",
        provider: "Anthropic",
        choices: [
            Streaming(
                StreamingChoice {
                    finish_reason: None,
                    native_finish_reason: None,
                    delta: StreamingDelta {
                        role: Some(
                            "assistant",
                        ),
                        content: Some(
                            " is a sonnet",
                        ),
                        reasoning: None,
                        tool_calls: [],
                    },
                    error: None,
                },
            ),
        ],
        created: 2025-09-16 19:33:42.0 +00:00:00,
        model: "anthropic/claude-3-haiku",
        object: ChatCompletionChunk,
        system_fingerprint: None,
        usage: None,
    },
    ChatCompletion {
        id: "gen-1758051221-ZP94f4eigc8b57o5fTbS",
        provider: "Anthropic",
        choices: [
            Streaming(
                StreamingChoice {
                    finish_reason: None,
                    native_finish_reason: None,
                    delta: StreamingDelta {
                        role: Some(
                            "assistant",
                        ),
                        content: Some(
                            " that",
                        ),
                        reasoning: None,
                        tool_calls: [],
                    },
                    error: None,
                },
            ),
        ],
        created: 2025-09-16 19:33:42.0 +00:00:00,
        model: "anthropic/claude-3-haiku",
        object: ChatCompletionChunk,
        system_fingerprint: None,
        usage: None,
    },
    ChatCompletion {
        id: "gen-1758051221-ZP94f4eigc8b57o5fTbS",
        provider: "Anthropic",
        choices: [
            Streaming(
                StreamingChoice {
                    finish_reason: None,
                    native_finish_reason: None,
                    delta: StreamingDelta {
                        role: Some(
                            "assistant",
                        ),
                        content: Some(
                            " I",
                        ),
                        reasoning: None,
                        tool_calls: [],
                    },
                    error: None,
                },
            ),
        ],
        created: 2025-09-16 19:33:42.0 +00:00:00,
        model: "anthropic/claude-3-haiku",
        object: ChatCompletionChunk,
        system_fingerprint: None,
        usage: None,
    },
    ChatCompletion {
        id: "gen-1758051221-ZP94f4eigc8b57o5fTbS",
        provider: "Anthropic",
        choices: [
            Streaming(
                StreamingChoice {
                    finish_reason: None,
                    native_finish_reason: None,
                    delta: StreamingDelta {
                        role: Some(
                            "assistant",
                        ),
                        content: Some(
                            " hope is fitting for",
                        ),
                        reasoning: None,
                        tool_calls: [],
                    },
                    error: None,
                },
            ),
        ],
        created: 2025-09-16 19:33:42.0 +00:00:00,
        model: "anthropic/claude-3-haiku",
        object: ChatCompletionChunk,
        system_fingerprint: None,
        usage: None,
    },
    ChatCompletion {
        id: "gen-1758051221-ZP94f4eigc8b57o5fTbS",
        provider: "Anthropic",
        choices: [
            Streaming(
                StreamingChoice {
                    finish_reason: None,
                    native_finish_reason: None,
                    delta: StreamingDelta {
                        role: Some(
                            "assistant",
                        ),
                        content: Some(
                            " your test",
                        ),
                        reasoning: None,
                        tool_calls: [],
                    },
                    error: None,
                },
            ),
        ],
        created: 2025-09-16 19:33:42.0 +00:00:00,
        model: "anthropic/claude-3-haiku",
        object: ChatCompletionChunk,
        system_fingerprint: None,
        usage: None,
    },
    ChatCompletion {
        id: "gen-1758051221-ZP94f4eigc8b57o5fTbS",
        provider: "Anthropic",
        choices: [
            Streaming(
                StreamingChoice {
                    finish_reason: None,
                    native_finish_reason: None,
                    delta: StreamingDelta {
                        role: Some(
                            "assistant",
                        ),
                        content: Some(
                            ":\n\nThe test",
                        ),
                        reasoning: None,
                        tool_calls: [],
                    },
                    error: None,
                },
            ),
        ],
        created: 2025-09-16 19:33:42.0 +00:00:00,
        model: "anthropic/claude-3-haiku",
        object: ChatCompletionChunk,
        system_fingerprint: None,
        usage: None,
    },
    ChatCompletion {
        id: "gen-1758051221-ZP94f4eigc8b57o5fTbS",
        provider: "Anthropic",
        choices: [
            Streaming(
                StreamingChoice {
                    finish_reason: None,
                    native_finish_reason: None,
                    delta: StreamingDelta {
                        role: Some(
                            "assistant",
                        ),
                        content: Some(
                            " approaches",
                        ),
                        reasoning: None,
                        tool_calls: [],
                    },
                    error: None,
                },
            ),
        ],
        created: 2025-09-16 19:33:42.0 +00:00:00,
        model: "anthropic/claude-3-haiku",
        object: ChatCompletionChunk,
        system_fingerprint: None,
        usage: None,
    },
]
