---
source: crates/jp_test/src/mock.rs
expression: expr
---
Ok(
    ChatCompletion {
        id: "gen-1758051221-QOC8MwzAPw6cfxtJlo0l",
        provider: "Anthropic",
        choices: [
            NonStreaming(
                NonStreamingChoice {
                    finish_reason: Stop,
                    native_finish_reason: "stop",
                    message: NonStreamingMessage {
                        role: "assistant",
                        content: Some(
                            "Here's a haiku for your test:\n\nBlank page awaits\nPen in hand, thoughts take flight\nWisdom flows freely",
                        ),
                        reasoning: None,
                        tool_calls: [],
                    },
                    error: None,
                    index: 0,
                },
            ),
        ],
        created: 2025-09-16 19:33:42.0 +00:00:00,
        model: "anthropic/claude-3-haiku",
        object: ChatCompletion,
        system_fingerprint: None,
        usage: Some(
            Usage {
                completion_tokens: 32,
                completion_tokens_details: None,
                cost: None,
                prompt_tokens: 17,
                prompt_tokens_details: None,
                total_tokens: 49,
            },
        ),
    },
)
