---
source: crates/jp_conversation/src/conversation.rs
expression: conv
---
{
  "last_activated_at": "2023-01-01 00:00:00.0",
  "local": true
}
